// Jest Snapshot v1, https://goo.gl/fbAQLP

exports[`DestinationMarker Component renders correctly 1`] = `null`;
